// Jest Snapshot v1, https://goo.gl/fbAQLP

exports[`<Dashboard /> Matches snapshot 1`] = `
Object {
  "asFragment": [Function],
  "baseElement": <body>
    <div>
      <div
        class="sc-AykKD hXrZrR"
      >
        <div
          aria-busy="true"
          class=""
        >
          <svg
            aria-label="audio-loading"
            height="100"
            stroke="#00BFFF"
            viewBox="0 0 57 57"
            width="100"
            xmlns="http://www.w3.org/2000/svg"
          >
            <g
              fill="none"
              fill-rule="evenodd"
            >
              <g
                stroke-width="2"
                transform="translate(1 1)"
              >
                <circle
                  cx="5"
                  cy="50"
                  r="5"
                >
                  <animate
                    attributeName="cy"
                    begin="0s"
                    calcMode="linear"
                    dur="2.2s"
                    repeatCount="indefinite"
                    values="50;5;50;50"
                  />
                  <animate
                    attributeName="cx"
                    begin="0s"
                    calcMode="linear"
                    dur="2.2s"
                    repeatCount="indefinite"
                    values="5;27;49;5"
                  />
                </circle>
                <circle
                  cx="27"
                  cy="5"
                  r="5"
                >
                  <animate
                    attributeName="cy"
                    begin="0s"
                    calcMode="linear"
                    dur="2.2s"
                    from="5"
                    repeatCount="indefinite"
                    to="5"
                    values="5;50;50;5"
                  />
                  <animate
                    attributeName="cx"
                    begin="0s"
                    calcMode="linear"
                    dur="2.2s"
                    from="27"
                    repeatCount="indefinite"
                    to="27"
                    values="27;49;5;27"
                  />
                </circle>
                <circle
                  cx="49"
                  cy="50"
                  r="5"
                >
                  <animate
                    attributeName="cy"
                    begin="0s"
                    calcMode="linear"
                    dur="2.2s"
                    repeatCount="indefinite"
                    values="50;50;5;50"
                  />
                  <animate
                    attributeName="cx"
                    begin="0s"
                    calcMode="linear"
                    dur="2.2s"
                    from="49"
                    repeatCount="indefinite"
                    to="49"
                    values="49;5;27;49"
                  />
                </circle>
              </g>
            </g>
          </svg>
        </div>
      </div>
    </div>
  </body>,
  "container": <div>
    <div
      class="sc-AykKD hXrZrR"
    >
      <div
        aria-busy="true"
        class=""
      >
        <svg
          aria-label="audio-loading"
          height="100"
          stroke="#00BFFF"
          viewBox="0 0 57 57"
          width="100"
          xmlns="http://www.w3.org/2000/svg"
        >
          <g
            fill="none"
            fill-rule="evenodd"
          >
            <g
              stroke-width="2"
              transform="translate(1 1)"
            >
              <circle
                cx="5"
                cy="50"
                r="5"
              >
                <animate
                  attributeName="cy"
                  begin="0s"
                  calcMode="linear"
                  dur="2.2s"
                  repeatCount="indefinite"
                  values="50;5;50;50"
                />
                <animate
                  attributeName="cx"
                  begin="0s"
                  calcMode="linear"
                  dur="2.2s"
                  repeatCount="indefinite"
                  values="5;27;49;5"
                />
              </circle>
              <circle
                cx="27"
                cy="5"
                r="5"
              >
                <animate
                  attributeName="cy"
                  begin="0s"
                  calcMode="linear"
                  dur="2.2s"
                  from="5"
                  repeatCount="indefinite"
                  to="5"
                  values="5;50;50;5"
                />
                <animate
                  attributeName="cx"
                  begin="0s"
                  calcMode="linear"
                  dur="2.2s"
                  from="27"
                  repeatCount="indefinite"
                  to="27"
                  values="27;49;5;27"
                />
              </circle>
              <circle
                cx="49"
                cy="50"
                r="5"
              >
                <animate
                  attributeName="cy"
                  begin="0s"
                  calcMode="linear"
                  dur="2.2s"
                  repeatCount="indefinite"
                  values="50;50;5;50"
                />
                <animate
                  attributeName="cx"
                  begin="0s"
                  calcMode="linear"
                  dur="2.2s"
                  from="49"
                  repeatCount="indefinite"
                  to="49"
                  values="49;5;27;49"
                />
              </circle>
            </g>
          </g>
        </svg>
      </div>
    </div>
  </div>,
  "debug": [Function],
  "findAllByAltText": [Function],
  "findAllByDisplayValue": [Function],
  "findAllByLabelText": [Function],
  "findAllByPlaceholderText": [Function],
  "findAllByRole": [Function],
  "findAllByTestId": [Function],
  "findAllByText": [Function],
  "findAllByTitle": [Function],
  "findByAltText": [Function],
  "findByDisplayValue": [Function],
  "findByLabelText": [Function],
  "findByPlaceholderText": [Function],
  "findByRole": [Function],
  "findByTestId": [Function],
  "findByText": [Function],
  "findByTitle": [Function],
  "getAllByAltText": [Function],
  "getAllByDisplayValue": [Function],
  "getAllByLabelText": [Function],
  "getAllByPlaceholderText": [Function],
  "getAllByRole": [Function],
  "getAllByTestId": [Function],
  "getAllByText": [Function],
  "getAllByTitle": [Function],
  "getByAltText": [Function],
  "getByDisplayValue": [Function],
  "getByLabelText": [Function],
  "getByPlaceholderText": [Function],
  "getByRole": [Function],
  "getByTestId": [Function],
  "getByText": [Function],
  "getByTitle": [Function],
  "queryAllByAltText": [Function],
  "queryAllByDisplayValue": [Function],
  "queryAllByLabelText": [Function],
  "queryAllByPlaceholderText": [Function],
  "queryAllByRole": [Function],
  "queryAllByTestId": [Function],
  "queryAllByText": [Function],
  "queryAllByTitle": [Function],
  "queryByAltText": [Function],
  "queryByDisplayValue": [Function],
  "queryByLabelText": [Function],
  "queryByPlaceholderText": [Function],
  "queryByRole": [Function],
  "queryByTestId": [Function],
  "queryByText": [Function],
  "queryByTitle": [Function],
  "rerender": [Function],
  "unmount": [Function],
}
`;
